1779847732.743944 [13]     python: config: Domain/General/MulticastRecvNetworkInterfaceAddresses/#text: preferred {}
1779847732.743977 [13]     python: config: Domain/General/Interfaces/NetworkInterface[@autodetermine]: false {}
1779847732.743980 [13]     python: config: Domain/General/Interfaces/NetworkInterface[@name]: enx9c69d33ce4cf {1}
1779847732.743982 [13]     python: config: Domain/General/Interfaces/NetworkInterface[@address]:  {}
1779847732.743984 [13]     python: config: Domain/General/Interfaces/NetworkInterface[@priority]: default {1}
1779847732.743986 [13]     python: config: Domain/General/Interfaces/NetworkInterface[@prefer_multicast]: false {}
1779847732.743988 [13]     python: config: Domain/General/Interfaces/NetworkInterface[@presence_required]: true {}
1779847732.743990 [13]     python: config: Domain/General/Interfaces/NetworkInterface[@multicast]: default {1}
1779847732.743992 [13]     python: config: Domain/General/ExternalNetworkAddress/#text: auto {}
1779847732.743994 [13]     python: config: Domain/General/ExternalNetworkMask/#text: 0.0.0.0 {}
1779847732.743996 [13]     python: config: Domain/General/AllowMulticast/#text: default {1}
1779847732.743997 [13]     python: config: Domain/General/MulticastTimeToLive/#text: 32 {}
1779847732.743999 [13]     python: config: Domain/General/DontRoute/#text: false {}
1779847732.744001 [13]     python: config: Domain/General/Transport/#text: udp {}
1779847732.744003 [13]     python: config: Domain/General/EnableMulticastLoopback/#text: true {}
1779847732.744005 [13]     python: config: Domain/General/MaxMessageSize/#text: 65500 B {1}
1779847732.744007 [13]     python: config: Domain/General/MaxRexmitMessageSize/#text: 1456 B {}
1779847732.744008 [13]     python: config: Domain/General/FragmentSize/#text: 1344 B {}
1779847732.744010 [13]     python: config: Domain/General/RedundantNetworking/#text: false {}
1779847732.744012 [13]     python: config: Domain/General/EntityAutoNaming/#text: empty {}
1779847732.744014 [13]     python: config: Domain/General/EntityAutoNaming[@seed]: 932794712 2928745048 1531251900 2205217965 2140302251 169557368 2127670580 3664125832 {}
1779847732.744017 [13]     python: config: Domain/Sizing/ReceiveBufferSize/#text: 1 MiB {}
1779847732.744019 [13]     python: config: Domain/Sizing/ReceiveBufferChunkSize/#text: 128 KiB {}
1779847732.744021 [13]     python: config: Domain/Compatibility/StandardsConformance/#text: lax {}
1779847732.744023 [13]     python: config: Domain/Compatibility/ExplicitlyPublishQosSetToDefault/#text: false {}
1779847732.744025 [13]     python: config: Domain/Compatibility/ManySocketsMode/#text: single {}
1779847732.744026 [13]     python: config: Domain/Compatibility/AssumeRtiHasPmdEndpoints/#text: false {}
1779847732.744028 [13]     python: config: Domain/Discovery/Tag/#text:  {}
1779847732.744030 [13]     python: config: Domain/Discovery/ExternalDomainId/#text: 13 {}
1779847732.744032 [13]     python: config: Domain/Discovery/DSGracePeriod/#text: 30 s {}
1779847732.744034 [13]     python: config: Domain/Discovery/ParticipantIndex/#text: none {}
1779847732.744036 [13]     python: config: Domain/Discovery/MaxAutoParticipantIndex/#text: 9 {}
1779847732.744038 [13]     python: config: Domain/Discovery/SPDPMulticastAddress/#text: 239.255.0.1 {}
1779847732.744040 [13]     python: config: Domain/Discovery/SPDPInterval/#text: 30 s {}
1779847732.744042 [13]     python: config: Domain/Discovery/DefaultMulticastAddress/#text: auto {}
1779847732.744044 [13]     python: config: Domain/Discovery/Ports/Base/#text: 7400 {}
1779847732.744046 [13]     python: config: Domain/Discovery/Ports/DomainGain/#text: 250 {}
1779847732.744048 [13]     python: config: Domain/Discovery/Ports/ParticipantGain/#text: 2 {}
1779847732.744050 [13]     python: config: Domain/Discovery/Ports/MulticastMetaOffset/#text: 0 {}
1779847732.744052 [13]     python: config: Domain/Discovery/Ports/UnicastMetaOffset/#text: 10 {}
1779847732.744053 [13]     python: config: Domain/Discovery/Ports/MulticastDataOffset/#text: 1 {}
1779847732.744055 [13]     python: config: Domain/Discovery/Ports/UnicastDataOffset/#text: 11 {}
1779847732.744061 [13]     python: config: Domain/Discovery/EnableTopicDiscoveryEndpoints/#text: false {}
1779847732.744063 [13]     python: config: Domain/Discovery/LeaseDuration/#text: 10 s {}
1779847732.744068 [13]     python: config: Domain/Tracing/Category/#text: fatal,error,warning,info,config {1}
1779847732.744070 [13]     python: config: Domain/Tracing/OutputFile/#text: cyclonedds.log {}
1779847732.744072 [13]     python: config: Domain/Tracing/AppendToFile/#text: false {}
1779847732.744074 [13]     python: config: Domain/Tracing/PacketCaptureFile/#text:  {}
1779847732.744077 [13]     python: config: Domain/Internal/DeliveryQueueMaxSamples/#text: 256 {}
1779847732.744078 [13]     python: config: Domain/Internal/PrimaryReorderMaxSamples/#text: 128 {}
1779847732.744080 [13]     python: config: Domain/Internal/SecondaryReorderMaxSamples/#text: 128 {}
1779847732.744082 [13]     python: config: Domain/Internal/DefragUnreliableMaxSamples/#text: 4 {}
1779847732.744084 [13]     python: config: Domain/Internal/DefragReliableMaxSamples/#text: 16 {}
1779847732.744086 [13]     python: config: Domain/Internal/BuiltinEndpointSet/#text: writers {}
1779847732.744087 [13]     python: config: Domain/Internal/MeasureHbToAckLatency/#text: false {}
1779847732.744089 [13]     python: config: Domain/Internal/UnicastResponseToSPDPMessages/#text: true {}
1779847732.744091 [13]     python: config: Domain/Internal/SynchronousDeliveryPriorityThreshold/#text: 0 {}
1779847732.744093 [13]     python: config: Domain/Internal/SynchronousDeliveryLatencyBound/#text: inf {}
1779847732.744095 [13]     python: config: Domain/Internal/MaxParticipants/#text: 0 {}
1779847732.744096 [13]     python: config: Domain/Internal/AccelerateRexmitBlockSize/#text: 0 {}
1779847732.744098 [13]     python: config: Domain/Internal/RetransmitMerging/#text: never {}
1779847732.744100 [13]     python: config: Domain/Internal/RetransmitMergingPeriod/#text: 5 ms {}
1779847732.744102 [13]     python: config: Domain/Internal/HeartbeatInterval/#text: 100 ms {}
1779847732.744104 [13]     python: config: Domain/Internal/HeartbeatInterval[@min]: 5 ms {}
1779847732.744106 [13]     python: config: Domain/Internal/HeartbeatInterval[@minsched]: 20 ms {}
1779847732.744108 [13]     python: config: Domain/Internal/HeartbeatInterval[@max]: 8 s {}
1779847732.744109 [13]     python: config: Domain/Internal/MaxQueuedRexmitBytes/#text: 512 KiB {}
1779847732.744111 [13]     python: config: Domain/Internal/MaxQueuedRexmitMessages/#text: 200 {}
1779847732.744113 [13]     python: config: Domain/Internal/WriterLingerDuration/#text: 1 s {}
1779847732.744115 [13]     python: config: Domain/Internal/SocketReceiveBufferSize[@min]: default {}
1779847732.744117 [13]     python: config: Domain/Internal/SocketReceiveBufferSize[@max]: default {}
1779847732.744119 [13]     python: config: Domain/Internal/SocketSendBufferSize[@min]: 64 KiB {}
1779847732.744120 [13]     python: config: Domain/Internal/SocketSendBufferSize[@max]: default {}
1779847732.744122 [13]     python: config: Domain/Internal/NackDelay/#text: 100 ms {}
1779847732.744124 [13]     python: config: Domain/Internal/AckDelay/#text: 10 ms {}
1779847732.744126 [13]     python: config: Domain/Internal/AutoReschedNackDelay/#text: 3 s {}
1779847732.744127 [13]     python: config: Domain/Internal/PreEmptiveAckDelay/#text: 10 ms {}
1779847732.744129 [13]     python: config: Domain/Internal/ScheduleTimeRounding/#text: 0 s {}
1779847732.744131 [13]     python: config: Domain/Internal/DDSI2DirectMaxThreads/#text: 1 {}
1779847732.744133 [13]     python: config: Domain/Internal/SquashParticipants/#text: false {}
1779847732.744134 [13]     python: config: Domain/Internal/SPDPResponseMaxDelay/#text: 0 s {}
1779847732.744136 [13]     python: config: Domain/Internal/LateAckMode/#text: false {}
1779847732.744138 [13]     python: config: Domain/Internal/RetryOnRejectBestEffort/#text: false {}
1779847732.744140 [13]     python: config: Domain/Internal/GenerateKeyhash/#text: false {}
1779847732.744142 [13]     python: config: Domain/Internal/MaxSampleSize/#text: 2147483647 B {}
1779847732.744145 [13]     python: config: Domain/Internal/LivelinessMonitoring/#text: false {}
1779847732.744147 [13]     python: config: Domain/Internal/LivelinessMonitoring[@StackTraces]: true {}
1779847732.744148 [13]     python: config: Domain/Internal/LivelinessMonitoring[@Interval]: 1 s {}
1779847732.744150 [13]     python: config: Domain/Internal/MonitorPort/#text: -1 {}
1779847732.744152 [13]     python: config: Domain/Internal/PrioritizeRetransmit/#text: true {}
1779847732.744154 [13]     python: config: Domain/Internal/UseMulticastIfMreqn/#text: 0 {}
1779847732.744156 [13]     python: config: Domain/Internal/RediscoveryBlacklistDuration/#text: 0 s {}
1779847732.744157 [13]     python: config: Domain/Internal/RediscoveryBlacklistDuration[@enforce]: false {}
1779847732.744159 [13]     python: config: Domain/Internal/MultipleReceiveThreads/#text: default {}
1779847732.744161 [13]     python: config: Domain/Internal/MultipleReceiveThreads[@maxretries]: 4294967295 {}
1779847732.744163 [13]     python: config: Domain/Internal/Test/XmitLossiness/#text: 0 {}
1779847732.744165 [13]     python: config: Domain/Internal/Watermarks/WhcLow/#text: 1 KiB {}
1779847732.744167 [13]     python: config: Domain/Internal/Watermarks/WhcHigh/#text: 500 KiB {}
1779847732.744169 [13]     python: config: Domain/Internal/Watermarks/WhcHighInit/#text: 30 KiB {}
1779847732.744171 [13]     python: config: Domain/Internal/Watermarks/WhcAdaptive/#text: true {}
1779847732.744173 [13]     python: config: Domain/Internal/BurstSize/MaxRexmit/#text: 1 MiB {}
1779847732.744175 [13]     python: config: Domain/Internal/BurstSize/MaxInitTransmit/#text: 4294967295 {}
1779847732.744177 [13]     python: config: Domain/Internal/EnableExpensiveChecks/#text:  {}
1779847732.744179 [13]     python: config: Domain/TCP/NoDelay/#text: true {}
1779847732.744181 [13]     python: config: Domain/TCP/Port/#text: -1 {}
1779847732.744182 [13]     python: config: Domain/TCP/ReadTimeout/#text: 2 s {}
1779847732.744184 [13]     python: config: Domain/TCP/WriteTimeout/#text: 2 s {}
1779847732.744186 [13]     python: config: Domain/TCP/AlwaysUsePeeraddrForUnicast/#text: false {}
1779847732.744188 [13]     python: config: Domain/SSL/Enable/#text: false {}
1779847732.744190 [13]     python: config: Domain/SSL/CertificateVerification/#text: true {}
1779847732.744191 [13]     python: config: Domain/SSL/VerifyClient/#text: true {}
1779847732.744193 [13]     python: config: Domain/SSL/SelfSignedCertificates/#text: false {}
1779847732.744195 [13]     python: config: Domain/SSL/KeystoreFile/#text: keystore {}
1779847732.744197 [13]     python: config: Domain/SSL/KeyPassphrase/#text: secret {}
1779847732.744199 [13]     python: config: Domain/SSL/Ciphers/#text: ALL:!ADH:!LOW:!EXP:!MD5:@STRENGTH {}
1779847732.744200 [13]     python: config: Domain/SSL/EntropyFile/#text:  {}
1779847732.744202 [13]     python: config: Domain/SSL/MinimumTLSVersion/#text: 1.3 {}
1779847732.744204 [13]     python: config: Domain/SharedMemory/Enable/#text: false {}
1779847732.744206 [13]     python: config: Domain/SharedMemory/Locator/#text:  {}
1779847732.744208 [13]     python: config: Domain/SharedMemory/Prefix/#text: DDS_CYCLONE {}
1779847732.744209 [13]     python: config: Domain/SharedMemory/LogLevel/#text: info {}
1779847732.744211 [13]     python: config: Domain[@Id]: 13 {1}
1779847732.744229 [13]     python: started at 1779847732.06744216 -- 2026-05-27 10:08:52+08:00
1779847732.744232 [13]     python: udp initialized
1779847732.744441 [13]     python: interfaces: lo udp/127.0.0.1(q1) eno1 udp/192.168.4.186(q9) enx9c69d33ce4cf udp/10.10.12.172(q9) docker0 udp/172.17.0.1(q9)
1779847732.744445 [13]     python: selected interfaces: enx9c69d33ce4cf (index 3 priority 0)
1779847732.744447 [13]     python: presumed robust multicast support, use for everything
1779847732.744457 [13]     python: ownip: udp/10.10.12.172
1779847732.744458 [13]     python: extmask: invalid/0 (not applicable)
1779847732.744460 [13]     python: SPDP MC: udp/239.255.0.1
1779847732.744463 [13]     python: default MC: udp/239.255.0.1
1779847732.744464 [13]     python: SSM support included
1779847732.744561 [13]     python: failed to increase socket receive buffer size to 1048576 bytes, continuing with 425984 bytes
1779847732.744569 [13]     python: rtps_init: uc ports: disc 0 data 0
1779847732.744570 [13]     python: rtps_init: domainid 13 participantid -2
1779847732.744572 [13]     python: Unicast Ports: discovery 42946 data 42946
1779847732.744576 [13]     python: failed to increase socket receive buffer size to 1048576 bytes, continuing with 425984 bytes
1779847732.744582 [13]     python: failed to increase socket receive buffer size to 1048576 bytes, continuing with 425984 bytes
1779847732.744585 [13]     python: Multicast Ports: discovery 10650 data 10651 
1779847732.744588 [13]     python: failed to increase socket receive buffer size to 1048576 bytes, continuing with 425984 bytes
1779847732.744593 [13]     python: interface enx9c69d33ce4cf: transmit port 58951
1779847733.461615 [13]     python: udp finalized
1779847733.462770 [13]     python: Finis.
